[
    [
        161444759,
        189533944,
        202730872,
        214434670,
        517862038,
        552367699,
        637263897,
        801996300,
        850477138,
        905973071
    ],
    [
        517862038,
        202730872,
        637263897,
        801996300,
        552367699,
        905973071,
        161444759,
        850477138,
        214434670,
        189533944
    ],
    [
        637263897,
        161444759,
        801996300,
        552367699,
        905973071,
        850477138,
        189533944,
        214434670,
        202730872,
        517862038
    ]
]